Raised at file "parsing/location.ml", line 514, characters 16-61
Called from file "bazel-out/host/bin/src/Ppx_version__Versioned_module.ml", line 256, characters 21-36
Called from file "bazel-out/host/bin/src/Ppx_version__Versioned_module.ml", line 1794, characters 6-52
Called from file "bazel-out/host/bin/src/Ppx_version__Versioned_module.ml", line 1831, characters 20-68
Called from file "list.ml", line 117, characters 24-34
Called from file "src/list0.ml" (inlined), line 22, characters 40-81
Called from file "bazel-out/host/bin/src/Ppx_version__Versioned_module.ml", line 1823, characters 4-1023
Called from file "bazel-out/host/bin/src/Ppx_version__Versioned_module.ml", line 2589, characters 7-69

File "test/versioned_bad_type_name.ml", line 7, characters 8-39:
Error: Expected a single public type t.
