Raised at file "parsing/location.ml", line 514, characters 16-61
Called from file "string.ml", line 78, characters 31-49
Called from file "src/string0.ml" (inlined), line 62, characters 16-37
Called from file "src/versioned_util.ml", line 37, characters 4-249
Called from file "src/versioned_module.ml", line 415, characters 2-43
Called from file "src/versioned_module.ml", line 487, characters 14-62
Called from file "list.ml", line 117, characters 24-34
Called from file "src/list0.ml" (inlined), line 22, characters 40-81
Called from file "src/versioned_module.ml", line 480, characters 4-1009
Called from file "src/versioned_module.ml", line 581, characters 6-66

File "test/versioned_bad_module_name.ml", line 7, characters 13-15:
Error: Versioning module name must be Vn, for some positive number n, got: "Vx"
