Raised at file "parsing/location.ml", line 514, characters 16-61
Called from file "src/option.ml" (inlined), line 30, characters 14-17
Called from file "src/versioned_module.ml", line 417, characters 2-391
Called from file "src/versioned_module.ml", line 487, characters 14-62
Called from file "list.ml", line 117, characters 24-34
Called from file "src/list0.ml" (inlined), line 22, characters 40-81
Called from file "src/versioned_module.ml", line 480, characters 4-1009
Called from file "src/versioned_module.ml", line 581, characters 6-66

File "test/versioned_module_bad_version_order.ml", line 10, characters 4-50:
Error: Versioned modules must be listed in decreasing order.
